geodatahubback\service\impl\UserServiceImpl.class
geodatahubback\entity\PageDTO.class
geodatahubback\controller\DataMetaController.class
geodatahubback\service\impl\UserServiceImpl2.class
geodatahubback\entity\data\DataItem.class
geodatahubback\service\ModelItemService.class
geodatahubback\config\exception\RestExceptionHandler.class
geodatahubback\entity\metadata\entityAndAttribute\UnrepresentableDomain.class
geodatahubback\entity\data\DataMeta.class
geodatahubback\entity\JsonResult.class
geodatahubback\config\rabbitmq\RabbitConfig.class
geodatahubback\service\GeoserverService.class
geodatahubback\entity\script\ArgumentType.class
geodatahubback\controller\RedisController.class
geodatahubback\entity\metadata\entityAndAttribute\EntityAndAttribute.class
geodatahubback\entity\script\ScriptExecDTO.class
geodatahubback\entity\form\AddMetaForm.class
geodatahubback\enums\ResultEnum.class
geodatahubback\config\rabbitmq\FanoutRabbitConfig.class
geodatahubback\entity\ScriptTask.class
geodatahubback\GeoDataHubBackApplication.class
geodatahubback\service\impl\UserDataServiceImpl.class
geodatahubback\entity\metadata\dataQuality\DataQuality.class
geodatahubback\entity\CommonMetaAdd.class
geodatahubback\enums\AttributeDomainType.class
geodatahubback\entity\User.class
geodatahubback\config\socketio\SocketCache.class
geodatahubback\entity\user\UserAdd.class
geodatahubback\controller\SocketHandler.class
geodatahubback\controller\ScriptTaskController.class
geodatahubback\utils\ResponseResult.class
geodatahubback\controller\UserController.class
geodatahubback\service\DataMetaService.class
geodatahubback\entity\script\ArgumentDef.class
geodatahubback\dao\ScriptItemDao.class
geodatahubback\controller\FileController.class
geodatahubback\config\socketio\SocketIOConfiguration.class
geodatahubback\entity\user\UserLogin.class
geodatahubback\controller\TestController.class
geodatahubback\config\concurrent\RateLimit.class
geodatahubback\entity\metadata\entityAndAttribute\RangeDomain.class
geodatahubback\controller\ModelItemController.class
geodatahubback\controller\HelloController.class
geodatahubback\entity\UserData.class
geodatahubback\entity\metadata\spatialDataOragnization\SpatialDataOrganization.class
geodatahubback\service\DataItemService.class
geodatahubback\utils\ExecCmdUtils.class
geodatahubback\config\rabbitmq\DirectRabbitConfig.class
geodatahubback\entity\DataPageDTO.class
geodatahubback\entity\script\ScriptItem.class
geodatahubback\service\UserService.class
geodatahubback\utils\ParseXMLToJSON.class
geodatahubback\service\FileService.class
geodatahubback\entity\metadata\identification\Status.class
geodatahubback\mapper\UserMapper.class
geodatahubback\config\WebConfig.class
geodatahubback\entity\metadata\identification\Identification.class
geodatahubback\service\CommonService.class
geodatahubback\utils\GeoServerUtils.class
geodatahubback\entity\script\ArgumentComp.class
geodatahubback\dao\DataItemDao.class
geodatahubback\entity\metadata\entityAndAttribute\AttributeDomainValueParent.class
geodatahubback\entity\metadata\spatialDataOragnization\PointAndVectorObjectInfo.class
geodatahubback\entity\metadata\spatialReference\SpatialReference.class
geodatahubback\config\concurrent\RateLimitAop.class
geodatahubback\config\SeeContainer.class
geodatahubback\config\DruidConfig.class
geodatahubback\entity\metadata\entityAndAttribute\EntityType.class
geodatahubback\config\RedisConfig.class
geodatahubback\config\swagger\SwaggerConfig.class
geodatahubback\dao\DataMetaDao.class
geodatahubback\controller\ScriptController.class
geodatahubback\entity\ChatMessage.class
geodatahubback\entity\metadata\entityAndAttribute\EnumeratedDomain.class
geodatahubback\utils\NettySocketUtil.class
geodatahubback\controller\UserDataController.class
geodatahubback\entity\metadata\distribution\Distribution.class
geodatahubback\entity\metadata\identification\Description.class
geodatahubback\controller\DataItemController.class
geodatahubback\entity\metadata\entityAndAttribute\Attribute.class
geodatahubback\service\UserDataService.class
geodatahubback\config\rabbitmq\TopicRabbitConfig.class
geodatahubback\dao\ScriptTaskDao.class
geodatahubback\service\ScriptTaskService.class
geodatahubback\controller\GeoserverController.class
geodatahubback\entity\metadata\metadataReference\MetadataReference.class
geodatahubback\utils\GeoServerUtils$1.class
geodatahubback\entity\metadata\identification\SpatialDomain.class
geodatahubback\utils\MyFileUtil.class
geodatahubback\dao\ModelMetaDao.class
geodatahubback\entity\metadata\identification\TimePeriod.class
geodatahubback\mapper\UserDataMapper.class
geodatahubback\entity\metadata\entityAndAttribute\CodeSetDomain.class
geodatahubback\config\socketio\properties\MySocketIOProperties.class
geodatahubback\entity\metadata\GeoMetadata.class
geodatahubback\entity\form\UserDataAdd.class
geodatahubback\entity\metadata\spatialDataOragnization\RasterObjectInfo.class
geodatahubback\entity\model\ModelMeta.class
geodatahubback\config\mybatisplus\MyBatisPlusConfig.class
geodatahubback\config\mybatisplus\MyMetaObjectHandler.class
geodatahubback\dao\ModelItemDao.class
geodatahubback\service\ScriptService.class
geodatahubback\utils\GeoServerUtils$2.class
geodatahubback\entity\model\ModelItem.class
