E:\GitProject\geo-data-hub-back\src\main\java\geodatahubback\controller\DataMetaController.java
E:\GitProject\geo-data-hub-back\src\main\java\geodatahubback\entity\metadata\spatialDataOragnization\PointAndVectorObjectInfo.java
E:\GitProject\geo-data-hub-back\src\main\java\geodatahubback\entity\UserData.java
E:\GitProject\geo-data-hub-back\src\main\java\geodatahubback\entity\User.java
E:\GitProject\geo-data-hub-back\src\main\java\geodatahubback\controller\ScriptController.java
E:\GitProject\geo-data-hub-back\src\main\java\geodatahubback\config\socketio\SocketCache.java
E:\GitProject\geo-data-hub-back\src\main\java\geodatahubback\entity\form\AddMetaForm.java
E:\GitProject\geo-data-hub-back\src\main\java\geodatahubback\config\mybatisplus\MyBatisPlusConfig.java
E:\GitProject\geo-data-hub-back\src\main\java\geodatahubback\dao\ModelMetaDao.java
E:\GitProject\geo-data-hub-back\src\main\java\geodatahubback\service\impl\UserServiceImpl2.java
E:\GitProject\geo-data-hub-back\src\main\java\geodatahubback\controller\ModelItemController.java
E:\GitProject\geo-data-hub-back\src\main\java\geodatahubback\service\DataMetaService.java
E:\GitProject\geo-data-hub-back\src\main\java\geodatahubback\config\DruidConfig.java
E:\GitProject\geo-data-hub-back\src\main\java\geodatahubback\config\concurrent\RateLimit.java
E:\GitProject\geo-data-hub-back\src\main\java\geodatahubback\entity\metadata\identification\Description.java
E:\GitProject\geo-data-hub-back\src\main\java\geodatahubback\enums\ResultEnum.java
E:\GitProject\geo-data-hub-back\src\main\java\geodatahubback\config\mybatisplus\MyMetaObjectHandler.java
E:\GitProject\geo-data-hub-back\src\main\java\geodatahubback\entity\metadata\spatialDataOragnization\SpatialDataOrganization.java
E:\GitProject\geo-data-hub-back\src\main\java\geodatahubback\entity\script\ArgumentComp.java
E:\GitProject\geo-data-hub-back\src\main\java\geodatahubback\entity\metadata\identification\TimePeriod.java
E:\GitProject\geo-data-hub-back\src\main\java\geodatahubback\service\CommonService.java
E:\GitProject\geo-data-hub-back\src\main\java\geodatahubback\controller\UserController.java
E:\GitProject\geo-data-hub-back\src\main\java\geodatahubback\mapper\UserDataMapper.java
E:\GitProject\geo-data-hub-back\src\main\java\geodatahubback\controller\UserDataController.java
E:\GitProject\geo-data-hub-back\src\main\java\geodatahubback\entity\user\UserAdd.java
E:\GitProject\geo-data-hub-back\src\main\java\geodatahubback\controller\GeoserverController.java
E:\GitProject\geo-data-hub-back\src\main\java\geodatahubback\service\GeoserverService.java
E:\GitProject\geo-data-hub-back\src\main\java\geodatahubback\entity\metadata\entityAndAttribute\EnumeratedDomain.java
E:\GitProject\geo-data-hub-back\src\main\java\geodatahubback\entity\metadata\entityAndAttribute\RangeDomain.java
E:\GitProject\geo-data-hub-back\src\main\java\geodatahubback\entity\metadata\identification\Status.java
E:\GitProject\geo-data-hub-back\src\main\java\geodatahubback\utils\ExecCmdUtils.java
E:\GitProject\geo-data-hub-back\src\main\java\geodatahubback\entity\model\ModelItem.java
E:\GitProject\geo-data-hub-back\src\main\java\geodatahubback\service\FileService.java
E:\GitProject\geo-data-hub-back\src\main\java\geodatahubback\dao\DataMetaDao.java
E:\GitProject\geo-data-hub-back\src\main\java\geodatahubback\config\rabbitmq\DirectRabbitConfig.java
E:\GitProject\geo-data-hub-back\src\main\java\geodatahubback\service\DataItemService.java
E:\GitProject\geo-data-hub-back\src\main\java\geodatahubback\entity\data\DataMeta.java
E:\GitProject\geo-data-hub-back\src\main\java\geodatahubback\entity\metadata\entityAndAttribute\AttributeDomainValueParent.java
E:\GitProject\geo-data-hub-back\src\main\java\geodatahubback\entity\metadata\entityAndAttribute\CodeSetDomain.java
E:\GitProject\geo-data-hub-back\src\main\java\geodatahubback\service\impl\UserServiceImpl.java
E:\GitProject\geo-data-hub-back\src\main\java\geodatahubback\config\socketio\properties\MySocketIOProperties.java
E:\GitProject\geo-data-hub-back\src\main\java\geodatahubback\utils\GeoServerUtils.java
E:\GitProject\geo-data-hub-back\src\main\java\geodatahubback\entity\model\ModelMeta.java
E:\GitProject\geo-data-hub-back\src\main\java\geodatahubback\enums\AttributeDomainType.java
E:\GitProject\geo-data-hub-back\src\main\java\geodatahubback\service\impl\UserDataServiceImpl.java
E:\GitProject\geo-data-hub-back\src\main\java\geodatahubback\entity\script\ArgumentDef.java
E:\GitProject\geo-data-hub-back\src\main\java\geodatahubback\entity\script\ScriptExecDTO.java
E:\GitProject\geo-data-hub-back\src\main\java\geodatahubback\service\ScriptTaskService.java
E:\GitProject\geo-data-hub-back\src\main\java\geodatahubback\GeoDataHubBackApplication.java
E:\GitProject\geo-data-hub-back\src\main\java\geodatahubback\controller\FileController.java
E:\GitProject\geo-data-hub-back\src\main\java\geodatahubback\dao\ScriptTaskDao.java
E:\GitProject\geo-data-hub-back\src\main\java\geodatahubback\config\rabbitmq\FanoutRabbitConfig.java
E:\GitProject\geo-data-hub-back\src\main\java\geodatahubback\entity\script\ArgumentType.java
E:\GitProject\geo-data-hub-back\src\main\java\geodatahubback\config\RedisConfig.java
E:\GitProject\geo-data-hub-back\src\main\java\geodatahubback\entity\metadata\distribution\Distribution.java
E:\GitProject\geo-data-hub-back\src\main\java\geodatahubback\entity\metadata\metadataReference\MetadataReference.java
E:\GitProject\geo-data-hub-back\src\main\java\geodatahubback\controller\RedisController.java
E:\GitProject\geo-data-hub-back\src\main\java\geodatahubback\entity\user\UserLogin.java
E:\GitProject\geo-data-hub-back\src\main\java\geodatahubback\entity\DataPageDTO.java
E:\GitProject\geo-data-hub-back\src\main\java\geodatahubback\config\rabbitmq\TopicRabbitConfig.java
E:\GitProject\geo-data-hub-back\src\main\java\geodatahubback\entity\ScriptTask.java
E:\GitProject\geo-data-hub-back\src\main\java\geodatahubback\utils\NettySocketUtil.java
E:\GitProject\geo-data-hub-back\src\main\java\geodatahubback\mapper\UserMapper.java
E:\GitProject\geo-data-hub-back\src\main\java\geodatahubback\entity\script\ScriptItem.java
E:\GitProject\geo-data-hub-back\src\main\java\geodatahubback\entity\PageDTO.java
E:\GitProject\geo-data-hub-back\src\main\java\geodatahubback\controller\ScriptTaskController.java
E:\GitProject\geo-data-hub-back\src\main\java\geodatahubback\entity\CommonMetaAdd.java
E:\GitProject\geo-data-hub-back\src\main\java\geodatahubback\entity\ChatMessage.java
E:\GitProject\geo-data-hub-back\src\main\java\geodatahubback\controller\SocketHandler.java
E:\GitProject\geo-data-hub-back\src\main\java\geodatahubback\entity\metadata\spatialReference\SpatialReference.java
E:\GitProject\geo-data-hub-back\src\main\java\geodatahubback\entity\metadata\entityAndAttribute\UnrepresentableDomain.java
E:\GitProject\geo-data-hub-back\src\main\java\geodatahubback\config\SeeContainer.java
E:\GitProject\geo-data-hub-back\src\main\java\geodatahubback\entity\metadata\entityAndAttribute\EntityAndAttribute.java
E:\GitProject\geo-data-hub-back\src\main\java\geodatahubback\entity\JsonResult.java
E:\GitProject\geo-data-hub-back\src\main\java\geodatahubback\entity\metadata\dataQuality\DataQuality.java
E:\GitProject\geo-data-hub-back\src\main\java\geodatahubback\service\ScriptService.java
E:\GitProject\geo-data-hub-back\src\main\java\geodatahubback\entity\metadata\identification\SpatialDomain.java
E:\GitProject\geo-data-hub-back\src\main\java\geodatahubback\entity\data\DataItem.java
E:\GitProject\geo-data-hub-back\src\main\java\geodatahubback\utils\ResponseResult.java
E:\GitProject\geo-data-hub-back\src\main\java\geodatahubback\service\ModelItemService.java
E:\GitProject\geo-data-hub-back\src\main\java\geodatahubback\entity\metadata\entityAndAttribute\Attribute.java
E:\GitProject\geo-data-hub-back\src\main\java\geodatahubback\entity\form\UserDataAdd.java
E:\GitProject\geo-data-hub-back\src\main\java\geodatahubback\config\rabbitmq\RabbitConfig.java
E:\GitProject\geo-data-hub-back\src\main\java\geodatahubback\utils\MyFileUtil.java
E:\GitProject\geo-data-hub-back\src\main\java\geodatahubback\dao\ScriptItemDao.java
E:\GitProject\geo-data-hub-back\src\main\java\geodatahubback\entity\metadata\spatialDataOragnization\RasterObjectInfo.java
E:\GitProject\geo-data-hub-back\src\main\java\geodatahubback\entity\metadata\GeoMetadata.java
E:\GitProject\geo-data-hub-back\src\main\java\geodatahubback\config\swagger\SwaggerConfig.java
E:\GitProject\geo-data-hub-back\src\main\java\geodatahubback\controller\TestController.java
E:\GitProject\geo-data-hub-back\src\main\java\geodatahubback\config\concurrent\RateLimitAop.java
E:\GitProject\geo-data-hub-back\src\main\java\geodatahubback\controller\HelloController.java
E:\GitProject\geo-data-hub-back\src\main\java\geodatahubback\service\UserService.java
E:\GitProject\geo-data-hub-back\src\main\java\geodatahubback\utils\ParseXMLToJSON.java
E:\GitProject\geo-data-hub-back\src\main\java\geodatahubback\controller\DataItemController.java
E:\GitProject\geo-data-hub-back\src\main\java\geodatahubback\config\exception\RestExceptionHandler.java
E:\GitProject\geo-data-hub-back\src\main\java\geodatahubback\entity\metadata\identification\Identification.java
E:\GitProject\geo-data-hub-back\src\main\java\geodatahubback\config\socketio\SocketIOConfiguration.java
E:\GitProject\geo-data-hub-back\src\main\java\geodatahubback\entity\metadata\entityAndAttribute\EntityType.java
E:\GitProject\geo-data-hub-back\src\main\java\geodatahubback\config\WebConfig.java
E:\GitProject\geo-data-hub-back\src\main\java\geodatahubback\dao\DataItemDao.java
E:\GitProject\geo-data-hub-back\src\main\java\geodatahubback\service\UserDataService.java
E:\GitProject\geo-data-hub-back\src\main\java\geodatahubback\dao\ModelItemDao.java
